// Jest Snapshot v1, https://goo.gl/fbAQLP

exports[`App component renders the App 1`] = `
<Fragment>
  <button
    onClick={[Function]}
  >
    Top Quotes
  </button>
  <TopQuotes
    count={15}
  />
</Fragment>
`;
